I am Niraj2